
> my-app@0.0.0 build
> tsc -b && vite build

src/components/calculator/LeadModal.tsx(88,17): error TS2322: Type '"hesaplama-emsal" | "hesaplama-daire" | "hesaplama-paylasim" | "hesaplama-maliyet" | "hesaplama-destek" | "hesaplama-takvim" | "hesaplama-arsapayi" | "hesaplama-muteahhit-mini"' is not assignable to type 'FormType'.
  Type '"hesaplama-emsal"' is not assignable to type 'FormType'.
src/components/layout/Layout.tsx(6,32): error TS6133: 'children' is declared but its value is never read.
src/lib/calculators/emsal.ts(9,36): error TS6133: 'katYuksekligi' is declared but its value is never read.
src/lib/calculators/paylasim.ts(23,11): error TS6133: 'muteahhitPayOranDecimal' is declared but its value is never read.
src/lib/calculators/utils.ts(47,18): error TS2503: Cannot find namespace 'NodeJS'.
src/pages/Home.tsx(5,25): error TS6133: 'HardHat' is declared but its value is never read.
src/pages/Land.tsx(3,18): error TS6133: 'ArrowRight' is declared but its value is never read.
src/pages/LeadPool.tsx(3,65): error TS6133: 'CheckCircle' is declared but its value is never read.
src/pages/Process.tsx(1,23): error TS6133: 'ArrowRight' is declared but its value is never read.
src/pages/Services.tsx(1,35): error TS6133: 'FileText' is declared but its value is never read.
src/pages/Services.tsx(1,45): error TS6133: 'HardHat' is declared but its value is never read.
src/pages/Services.tsx(1,54): error TS6133: 'Shield' is declared but its value is never read.
src/pages/tools/Daire.tsx(30,34): error TS6133: 'updateFields' is declared but its value is never read.
